---
source: crates/engram-cli/src/output.rs
expression: rendered
---
--- stdout ---
{
  "total": 3,
  "by_type": [
    [
      "decision",
      2
    ],
    [
      "convention",
      1
    ]
  ],
  "by_status": [
    [
      "Active",
      3
    ]
  ],
  "by_scope": [
    [
      "services/api",
      2
    ]
  ],
  "expired": 0,
  "oldest": null,
  "newest": null,
  "avg_criticality": 0.75,
  "since": "2026-01-01T00:00:00Z",
  "project_id": "project-empty",
  "persistence_failures": 0,
  "usage": {
    "total_calls": 0,
    "unique_sessions": 0,
    "by_tool": {}
  },
  "queries": {
    "total": 0,
    "hits": 0,
    "zero_results": 0,
    "hit_rate": 0.0,
    "followups": 0,
    "followup_rate": 0.0,
    "by_quality": {}
  },
  "timings_ms": {
    "tool": {},
    "stages": {}
  }
}
--- stderr ---
