---
source: crates/engram-cli/src/output.rs
expression: rendered
---
--- stdout ---
<cyan>550e8400-e29b</cyan> <yellow>Decision</yellow> Test index entry
    Criticality: 0.80  Status: Active  Visibility: Shared
<cyan>018f2a1b-3c4d</cyan> <yellow>Hazard</yellow> [observation] [invalidated 2020-06-15] Blocking calls deadlock the daemon
    Criticality: 0.95  Status: Active  Visibility: Shared
    Tags: async
--- stderr ---
