---
source: crates/engram-cli/src/output.rs
expression: rendered
---
--- stdout ---
Found 2 memories (out of 7 total):

  <cyan>550e8400-e29b</cyan> <yellow>Decision</yellow>  Test summary
  <cyan>018f2a1b-3c4d</cyan> <yellow>Hazard</yellow> [observation] [invalidated 2020-06-15]  Blocking calls deadlock the daemon
--- stderr ---
