---
source: crates/engram-cli/tests/cli/snapshot/query.rs
expression: "f.run(&[\"query\", \"--mode\", \"filter\"])"
---
$ engramdb --no-maintenance --dir [PROJECT] query --mode filter
exit: 1
--- stdout ---
--- stderr ---
Error: Validation error: mode=filter requires at least one of: query, logical, path, tags
