---
source: crates/engram-cli/tests/cli/snapshot/projects_groups.rs
expression: "f.run(&[\"--format\", \"plain\", \"projects\", \"discover\", \"--yes\", \"--no-index\"])"
---
$ engramdb --no-maintenance --dir [PROJECT] --format plain projects discover --yes --no-index
exit: 0
--- stdout ---
Scanned 2 directory(ies) under [PROJECT].
Found 2 unregistered project(s):
  [PROJECT]  (3 memories, id [PROJECT_ID])
  [PROJECT]/nested  (0 memories, id [PROJECT_ID])
Registered [PROJECT] ([PROJECT_ID])
Registered [PROJECT]/nested ([PROJECT_ID])
  Hint: Memories are not searchable until you run `engramdb reindex`.
--- stderr ---
