---
source: crates/engram-cli/tests/cli/snapshot/query.rs
expression: "f.run(&[\"query\", \"--mode\", \"rank\", \"-p\", \"src/main.rs\", \"--show-scores\"])"
---
$ engramdb --no-maintenance --dir [PROJECT] query --mode rank -p src/main.rs --show-scores
exit: 0
--- stdout ---
{
  "memories": [
    {
      "breakdown": {
        "criticality": 0.9,
        "decay": 0.0,
        "final_score": 0.9,
        "keyword": null,
        "relevance": 0.9,
        "rerank": null,
        "scope": 1.0,
        "scope_multiplier": 1.0,
        "semantic": null,
        "situation_multiplier": 1.0,
        "trust": 1.0,
        "trust_multiplier": 1.0
      },
      "memory": {
        "accessed_at": "[TIMESTAMP]",
        "challenges": [],
        "confidence": 0.8,
        "content": "Chosen for the memory-safety guarantees.",
        "created_at": "[TIMESTAMP]",
        "criticality": 0.9,
        "decay": {
          "floor": 0.0,
          "strategy": "none"
        },
        "epistemic": "decision",
        "id": "[UUID]",
        "logical": [
          "core.lang"
        ],
        "physical": [
          "src/main.rs"
        ],
        "provenance": {
          "source": "human"
        },
        "status": "Active",
        "summary": "Use Rust for the backend",
        "supersedes": [],
        "tags": [
          "rust",
          "backend"
        ],
        "title": "Use Rust Backend",
        "type": "decision",
        "updated_at": "[TIMESTAMP]",
        "visibility": "Shared"
      },
      "score": 0.9
    },
    {
      "breakdown": {
        "criticality": 0.6,
        "decay": 0.0,
        "final_score": 0.[PROJECT_ID],
        "keyword": null,
        "relevance": 0.6,
        "rerank": null,
        "scope": 0.[PROJECT_ID],
        "scope_multiplier": 0.[PROJECT_ID],
        "semantic": null,
        "situation_multiplier": 1.0,
        "trust": 1.0,
        "trust_multiplier": 1.0
      },
      "memory": {
        "accessed_at": "[TIMESTAMP]",
        "challenges": [],
        "confidence": 0.8,
        "content": "Applies to every crate in the workspace.",
        "created_at": "[TIMESTAMP]",
        "criticality": 0.6,
        "decay": {
          "floor": 0.0,
          "strategy": "none"
        },
        "epistemic": "fact",
        "id": "[UUID]",
        "logical": [
          "core.style"
        ],
        "physical": [
          "/"
        ],
        "provenance": {
          "source": "human"
        },
        "status": "Active",
        "summary": "Name variables in snake_case",
        "supersedes": [],
        "tags": [
          "style"
        ],
        "title": "Name Variables Snake Case",
        "type": "convention",
        "updated_at": "[TIMESTAMP]",
        "visibility": "Shared"
      },
      "score": 0.[PROJECT_ID]
    }
  ],
  "total": 2
}
--- stderr ---
