---
source: crates/engram-cli/tests/cli/snapshot/projects_groups.rs
expression: "f.run(&[\"projects\", \"list\"])"
---
$ engramdb --no-maintenance --dir [PROJECT] projects list
exit: 0
--- stdout ---
[
  {
    "exists": true,
    "project_id": "[PROJECT_ID]",
    "project_path": "[PROJECT]"
  },
  {
    "exists": true,
    "project_id": "[PROJECT_ID]",
    "project_path": "[PROJECT]/nested"
  }
]
--- stderr ---
