---
source: crates/engram-cli/tests/cli/snapshot/editor.rs
expression: "f.run(&[\"get\", &id])"
---
$ engramdb --no-maintenance --dir [PROJECT] get [UUID]
exit: 0
--- stdout ---
{
  "accessed_at": "[TIMESTAMP]",
  "challenges": [],
  "confidence": 0.8,
  "content": "A glob import silently shadows a local name.",
  "created_at": "[TIMESTAMP]",
  "criticality": 0.5,
  "decay": {
    "floor": 0.0,
    "strategy": "none"
  },
  "epistemic": "fact",
  "id": "[UUID]",
  "logical": [],
  "physical": [
    "/"
  ],
  "provenance": {
    "source": "human"
  },
  "status": "Active",
  "summary": "Prefer explicit imports",
  "supersedes": [],
  "tags": [],
  "title": "Prefer Explicit Imports",
  "type": "convention",
  "updated_at": "[TIMESTAMP]",
  "visibility": "Shared"
}
--- stderr ---
