---
source: crates/engram-cli/tests/cli/snapshot/harvest.rs
expression: "f.run(&[\"harvest\", \"reset\", \"session-beta\"])"
---
$ engramdb --no-maintenance --dir [PROJECT] harvest reset session-beta
exit: 1
--- stdout ---
--- stderr ---
Error: No harvest record matching 'session-beta'. List the ledger (`engramdb harvest ledger list`, or the harvest_ledger tool) to see which sessions have one — it holds every session that has been reviewed or archived, including ones whose live transcript is gone.
