---
source: crates/engram-cli/tests/cli/snapshot/env.rs
expression: "f.run(&[\"doctor\", \"--fix\"])"
---
$ engramdb --no-maintenance --dir [PROJECT] doctor --fix
exit: 0
--- stdout ---
{
  "all_passed": true,
  "sections": [
    {
      "checks": [
        {
          "details": [
            "path: [PROJECT]/.engramdb"
          ],
          "message": ".engramdb/ exists",
          "name": "Store initialized",
          "passed": true
        },
        {
          "message": "not registered",
          "name": "Registry",
          "passed": true,
          "status": "warn",
          "suggestion": "Run `engramdb init` to register this project"
        }
      ],
      "name": "Project"
    },
    {
      "checks": [
        {
          "details": [
            "registered: 0",
            "reachable: 0",
            "orphan data dirs: 1"
          ],
          "message": "0 registered",
          "name": "Registered projects",
          "passed": true,
          "status": "warn",
          "suggestion": "Run `engramdb projects prune` to clean up"
        },
        {
          "message": "healthy",
          "name": "Project hierarchy",
          "passed": true
        }
      ],
      "name": "Projects"
    },
    {
      "checks": [
        {
          "message": "not found",
          "name": "Binary on PATH",
          "passed": true,
          "status": "warn",
          "suggestion": "Install with `brew install engramdb`"
        },
        {
          "message": ".engramdb not in global excludes",
          "name": "Global gitignore",
          "passed": true,
          "status": "info",
          "suggestion": "Add .engramdb to [HOME]/config/git/ignore to ignore it in all repositories"
        },
        {
          "message": "not found",
          "name": "Claude Code plugin",
          "passed": true,
          "status": "warn",
          "suggestion": "Install with `claude plugin add https://github.com/egeapak/engramdb`"
        },
        {
          "message": "not configured",
          "name": "Hook configuration",
          "passed": true,
          "status": "warn",
          "suggestion": "Install the Claude Code plugin to configure hooks automatically"
        },
        {
          "message": "disabled",
          "name": "Auto-maintenance",
          "passed": true,
          "status": "info"
        },
        {
          "details": [
            "socket: [RUNTIME]/d.sock",
            "config: enabled=false, idle_timeout_secs=900"
          ],
          "message": "disabled in config (models load in-process per MCP)",
          "name": "Embedding daemon",
          "passed": true,
          "status": "info"
        }
      ],
      "name": "Global settings & models",
      "subsections": [
        {
          "checks": [
            {
              "message": "[ONNX_RUNTIME_CHECK]",
              "name": "ONNX Runtime",
              "passed": true
            },
            {
              "message": "auto (model: onnx)",
              "name": "Embedding backend",
              "passed": true
            },
            {
              "message": "untracked (legacy store); current model onnx/all-MiniLM-L12-v2-u8",
              "name": "Embedding model identity",
              "passed": true,
              "status": "warn",
              "suggestion": "run `engramdb reindex --embeddings-only` to re-embed and stamp the store"
            },
            {
              "message": "not cached",
              "name": "Embedding model cache",
              "passed": true,
              "status": "warn",
              "suggestion": "Run `engramdb init` to download the embedding model"
            },
            {
              "message": "unreachable (not configured as backend)",
              "name": "Ollama connectivity",
              "passed": true
            }
          ],
          "name": "Embeddings"
        },
        {
          "checks": [
            {
              "details": [
                "Local ONNX bi-encoder; embeds memories and queries into vectors so search can rank by semantic similarity."
              ],
              "message": "onnx/all-MiniLM-L12-v2-u8 (384d)",
              "name": "Embedding model",
              "passed": true,
              "status": "info"
            },
            {
              "details": [
                "In-process RAKE keyword extraction; no model is loaded."
              ],
              "message": "keyword (RAKE)",
              "name": "Title generation",
              "passed": true,
              "status": "info"
            }
          ],
          "name": "Models"
        }
      ]
    },
    {
      "checks": [
        {
          "details": [
            "projects: [SIZE] (1 registered)",
            "models: no cached models"
          ],
          "message": "[SIZE]",
          "name": "Global disk usage",
          "passed": true
        }
      ],
      "name": "Stats"
    }
  ],
  "store_check": null
}
--- stderr ---
{"warning":"3 fixable issue(s) found. Re-run with `--fix --yes` to apply them:"}
  - Prune stale/orphaned projects from the registry (engramdb projects prune)?
  - Re-embed memories with the current model (engramdb reindex --embeddings-only)?
  - Download the embedding model now?
